1	1	142.5	175	317.5
2	2	137.5	177.5	315
3	3	140	175	315
4	5	137.5	175	312.5
5	6	130	162.5	292.5
